[
["Washington", "Olympia"],
["Oregon", "Salem"],
["Hawaii", "Honolulu"],
["Alaska", "Juneau"],
["California", "Sacremento"],
["Idaho", "Boise"],
["Nevada", "Carson City"],
["Montana", "Helena"],
["Utah", "Salt Lake City"],
["Arizona", "Phoenix"],
["Wyoming", "Cheyenne"],
["Colorado", "Denver"],
["New Mexico", "Santa Fe"],
["North Dakota", "Bismarck"],
["South Dakota", "Pierre"],
["Nebraska", "Lincoln"],
["Kansas", "Topeka"],
["Oklahoma", "Oklahoma City"],
["Texas", "Austin"],
["Minnesota", "Saint Paul"],
["Iowa", "Des Moines"],
["Arkansas", "Little Rock"],
["Louisiana", "Baton Rouge"],
["Wisconsin", "Madison"],
["Illinois", "Springfield"],
["Mississippi", "Jackson"],
["Michigan", "Lansing"],
["Indiana", "Indianapolis"],
["Missouri", "Jefferson City"],
["Kentucky", "Frankfort"],
["Tennessee", "Nashville"],
["Alabama", "Montgomery"],
["Ohio", "Columbus"],
["West Virginia", "Charleston"],
["Virginia", "Richmond"],
["North Carolina", "Raleigh"],
["South Carolina", "Columbia"],
["Georgia", "Atlanta"],
["Florida", "Tallahassee"],
["Maine", "Augusta"],
["New Hamshire", "Concord"],
["Vermont", "Montpelier"],
["New York", "Albany"],
["Pyennsylvania", "Harrisburg"],
["Massachusetts", "Boston"],
["Connecticut", "Hartford"],
["Rhode Island", "Providence"],
["New Jersey", "Trenton"],
["Maryland", "Annapolis"],
["Delaware", "Dover"]
]
